******************************************************************************
             TMS320C2000 Linker PC v18.1.5                     
******************************************************************************
>> Linked Sun Mar  3 17:24:54 2019

OUTPUT FILE NAME:   <TimerTrials.out>
ENTRY POINT SYMBOL: "_c_int00"  address: 0000013c


MEMORY CONFIGURATION

         name            origin    length      used     unused   attr    fill
----------------------  --------  ---------  --------  --------  ----  --------
PAGE 0:
  BEGIN                 00000000   00000002  00000002  00000000  RWIX
  RAMM0                 00000122   000002de  0000012f  000001af  RWIX
  RAMLS0                00008000   00000800  00000656  000001aa  RWIX
  RAMLS1                00008800   00000800  00000000  00000800  RWIX
  RAMLS2                00009000   00000800  00000000  00000800  RWIX
  RAMLS3                00009800   00000800  00000000  00000800  RWIX
  RAMLS4                0000a000   00000800  00000000  00000800  RWIX
  RAMD0                 0000b000   00000800  000006ec  00000114  RWIX
  RESET                 003fffc0   00000002  00000000  00000002  RWIX

PAGE 1:
  BOOT_RSVD             00000002   00000120  00000000  00000120  RWIX
  RAMM1                 00000400   00000400  00000200  00000200  RWIX
  ADCA_RESULT           00000b00   00000020  00000018  00000008  RWIX
  ADCB_RESULT           00000b20   00000020  00000018  00000008  RWIX
  ADCC_RESULT           00000b40   00000020  00000018  00000008  RWIX
  ADCD_RESULT           00000b60   00000020  00000018  00000008  RWIX
  CPU_TIMER0            00000c00   00000008  00000008  00000000  RWIX
  CPU_TIMER1            00000c08   00000008  00000008  00000000  RWIX
  CPU_TIMER2            00000c10   00000008  00000008  00000000  RWIX
  PIE_CTRL              00000ce0   00000020  0000001a  00000006  RWIX
  PIE_VECT              00000d00   00000200  000001c0  00000040  RWIX
  DMA                   00001000   00000200  000000e0  00000120  RWIX
  CLA1                  00001400   00000040  00000040  00000000  RWIX
  EPWM1                 00004000   00000100  00000100  00000000  RWIX
  EPWM2                 00004100   00000100  00000100  00000000  RWIX
  EPWM3                 00004200   00000100  00000100  00000000  RWIX
  EPWM4                 00004300   00000100  00000100  00000000  RWIX
  EPWM5                 00004400   00000100  00000100  00000000  RWIX
  EPWM6                 00004500   00000100  00000100  00000000  RWIX
  EPWM7                 00004600   00000100  00000100  00000000  RWIX
  EPWM8                 00004700   00000100  00000100  00000000  RWIX
  EPWM9                 00004800   00000100  00000100  00000000  RWIX
  EPWM10                00004900   00000100  00000100  00000000  RWIX
  EPWM11                00004a00   00000100  00000100  00000000  RWIX
  EPWM12                00004b00   00000100  00000100  00000000  RWIX
  ECAP1                 00005000   00000020  00000020  00000000  RWIX
  ECAP2                 00005020   00000020  00000020  00000000  RWIX
  ECAP3                 00005040   00000020  00000020  00000000  RWIX
  ECAP4                 00005060   00000020  00000020  00000000  RWIX
  ECAP5                 00005080   00000020  00000020  00000000  RWIX
  ECAP6                 000050a0   00000020  00000020  00000000  RWIX
  EQEP1                 00005100   00000040  00000022  0000001e  RWIX
  EQEP2                 00005140   00000040  00000022  0000001e  RWIX
  EQEP3                 00005180   00000040  00000022  0000001e  RWIX
  DACA                  00005c00   00000010  00000008  00000008  RWIX
  DACB                  00005c10   00000010  00000008  00000008  RWIX
  DACC                  00005c20   00000010  00000008  00000008  RWIX
  CMPSS1                00005c80   00000020  00000020  00000000  RWIX
  CMPSS2                00005ca0   00000020  00000020  00000000  RWIX
  CMPSS3                00005cc0   00000020  00000020  00000000  RWIX
  CMPSS4                00005ce0   00000020  00000020  00000000  RWIX
  CMPSS5                00005d00   00000020  00000020  00000000  RWIX
  CMPSS6                00005d20   00000020  00000020  00000000  RWIX
  CMPSS7                00005d40   00000020  00000020  00000000  RWIX
  CMPSS8                00005d60   00000020  00000020  00000000  RWIX
  SDFM1                 00005e00   00000080  00000080  00000000  RWIX
  SDFM2                 00005e80   00000080  00000080  00000000  RWIX
  MCBSPA                00006000   00000040  00000024  0000001c  RWIX
  MCBSPB                00006040   00000040  00000024  0000001c  RWIX
  SPIA                  00006100   00000010  00000010  00000000  RWIX
  SPIB                  00006110   00000010  00000010  00000000  RWIX
  SPIC                  00006120   00000010  00000010  00000000  RWIX
  SPID                  00006130   00000010  00000010  00000000  RWIX
  UPP                   00006200   00000100  00000048  000000b8  RWIX
  WD                    00007000   00000040  0000002b  00000015  RWIX
  NMIINTRUPT            00007060   00000010  00000007  00000009  RWIX
  XINT                  00007070   00000010  0000000b  00000005  RWIX
  SCIA                  00007200   00000010  00000010  00000000  RWIX
  SCIB                  00007210   00000010  00000010  00000000  RWIX
  SCIC                  00007220   00000010  00000010  00000000  RWIX
  SCID                  00007230   00000010  00000010  00000000  RWIX
  I2CA                  00007300   00000040  00000022  0000001e  RWIX
  I2CB                  00007340   00000040  00000022  0000001e  RWIX
  ADCA                  00007400   00000080  00000080  00000000  RWIX
  ADCB                  00007480   00000080  00000080  00000000  RWIX
  ADCC                  00007500   00000080  00000080  00000000  RWIX
  ADCD                  00007580   00000080  00000080  00000000  RWIX
  TRIG                  00007900   00000050  00000046  0000000a  RWIX
  DMACLASRCSEL          00007980   00000040  0000001a  00000026  RWIX
  EPWM_XBAR             00007a00   00000040  00000040  00000000  RWIX
  CLB_XBAR              00007a40   00000040  00000000  00000040  RWIX
  GPIO_OUT_XBAR         00007a80   00000040  00000040  00000000  RWIX
  GPIOCTRL              00007c00   00000180  00000180  00000000  RWIX
  GPIODAT               00007f00   00000030  00000030  00000000  RWIX
  RAMLS5                0000a800   00000800  000001e4  0000061c  RWIX
  RAMD1                 0000b800   00000800  00000000  00000800  RWIX
  RAMGS0                0000c000   00001000  00000000  00001000  RWIX
  RAMGS1                0000d000   00001000  00000000  00001000  RWIX
  RAMGS2                0000e000   00001000  00000000  00001000  RWIX
  RAMGS3                0000f000   00001000  00000000  00001000  RWIX
  RAMGS4                00010000   00001000  00000000  00001000  RWIX
  RAMGS5                00011000   00001000  00000000  00001000  RWIX
  RAMGS6                00012000   00001000  00000000  00001000  RWIX
  RAMGS7                00013000   00001000  00000000  00001000  RWIX
  RAMGS8                00014000   00001000  00000000  00001000  RWIX
  RAMGS9                00015000   00001000  00000000  00001000  RWIX
  RAMGS10               00016000   00001000  00000000  00001000  RWIX
  RAMGS11               00017000   00001000  00000000  00001000  RWIX
  RAMGS12               00018000   00001000  00000000  00001000  RWIX
  RAMGS13               00019000   00001000  00000000  00001000  RWIX
  RAMGS14               0001a000   00001000  00000000  00001000  RWIX
  RAMGS15               0001b000   00001000  00000000  00001000  RWIX
  CPU2TOCPU1RAM         0003f800   00000400  00000000  00000400  RWIX
  CPU1TOCPU2RAM         0003fc00   00000400  00000000  00000400  RWIX
  EMIF1                 00047000   00000800  00000070  00000790  RWIX
  EMIF2                 00047800   00000800  00000070  00000790  RWIX
  DCANA                 00048000   00001000  00000200  00000e00  RWIX
  DCANB                 0004a000   00001000  00000200  00000e00  RWIX
  IPC                   00050000   00001000  00000026  00000fda  RWIX
  DEV_CFG               0005d000   00000180  0000012e  00000052  RWIX
  ANALOG_SUBSYS         0005d180   00000080  00000048  00000038  RWIX
  CLK_CFG               0005d200   00000100  00000032  000000ce  RWIX
  CPU_SYS               0005d300   00000100  00000082  0000007e  RWIX
  HWBIST                0005e000   00000100  000000a2  0000005e  RWIX
  PBIST                 0005e200   00000200  000001e6  0000001a  RWIX
  ROMPREFETCH           0005e608   00000002  00000002  00000000  RWIX
  DCSM_Z1               0005f000   00000030  00000024  0000000c  RWIX
  DCSM_Z2               0005f040   00000030  00000024  0000000c  RWIX
  DCSM_COMMON           0005f070   00000010  00000008  00000008  RWIX
  MEMCFG                0005f400   00000080  00000080  00000000  RWIX
  EMIF1CONFIG           0005f480   00000020  00000020  00000000  RWIX
  EMIF2CONFIG           0005f4a0   00000020  00000020  00000000  RWIX
  ACCESSPROTECTION      0005f4c0   00000040  00000040  00000000  RWIX
  MEMORYERROR           0005f500   00000040  00000040  00000000  RWIX
  ROMWAITSTATE          0005f540   00000002  00000002  00000000  RWIX
  FLASH_CTRL            0005f800   00000300  00000182  0000017e  RWIX
  FLASH_ECC             0005fb00   00000040  00000028  00000018  RWIX
  DCSM_OTP_Z1           00078800   00000020  0000001a  00000006  RWIX
  DCSM_OTP_Z2           00078900   00000020  0000001a  00000006  RWIX


SECTION ALLOCATION MAP

 output                                  attributes/
section   page    origin      length       input sections
--------  ----  ----------  ----------   ----------------
codestart 
*          0    00000000    00000002     
                  00000000    00000002     F2837xD_CodeStartBranch.obj (codestart)

.cinit     0    00000122    0000001a     
                  00000122    0000000e     rts2800_fpu32.lib : exit.c.obj (.cinit)
                  00000130    00000005                       : _lock.c.obj (.cinit:__lock)
                  00000135    00000005                       : _lock.c.obj (.cinit:__unlock)
                  0000013a    00000002     --HOLE-- [fill = 0]

.pinit     0    00000122    00000000     UNINITIALIZED

.reset     0    003fffc0    00000002     DSECT
                  003fffc0    00000002     rts2800_fpu32.lib : boot28.asm.obj (.reset)

.stack     1    00000400    00000200     UNINITIALIZED
                  00000400    00000200     --HOLE--

AdcaResultFile 
*          1    00000b00    00000018     UNINITIALIZED
                  00000b00    00000018     main.obj (AdcaResultFile)

AdcbResultFile 
*          1    00000b20    00000018     UNINITIALIZED
                  00000b20    00000018     main.obj (AdcbResultFile)

AdccResultFile 
*          1    00000b40    00000018     UNINITIALIZED
                  00000b40    00000018     main.obj (AdccResultFile)

AdcdResultFile 
*          1    00000b60    00000018     UNINITIALIZED
                  00000b60    00000018     main.obj (AdcdResultFile)

Cla1RegsFile 
*          1    00001400    00000040     UNINITIALIZED
                  00001400    00000040     main.obj (Cla1RegsFile)

.econst    1    0000a800    000001c0     
                  0000a800    000001c0     main.obj (.econst:_PieVectTableInit)

.ebss      1    0000a9c0    00000024     UNINITIALIZED
                  0000a9c0    0000001a     main.obj (.ebss)
                  0000a9da    00000006     rts2800_fpu32.lib : exit.c.obj (.ebss)
                  0000a9e0    00000002                       : _lock.c.obj (.ebss:__lock)
                  0000a9e2    00000002                       : _lock.c.obj (.ebss:__unlock)

GETBUFFER 
*          0    0003f800    00000000     DSECT

GETWRITEIDX 
*          0    0003f800    00000000     DSECT

PUTREADIDX 
*          0    0003f800    00000000     DSECT

CpuTimer0RegsFile 
*          1    00000c00    00000008     UNINITIALIZED
                  00000c00    00000008     main.obj (CpuTimer0RegsFile)

CpuTimer1RegsFile 
*          1    00000c08    00000008     UNINITIALIZED
                  00000c08    00000008     main.obj (CpuTimer1RegsFile)

CpuTimer2RegsFile 
*          1    00000c10    00000008     UNINITIALIZED
                  00000c10    00000008     main.obj (CpuTimer2RegsFile)

PieCtrlRegsFile 
*          1    00000ce0    0000001a     UNINITIALIZED
                  00000ce0    0000001a     main.obj (PieCtrlRegsFile)

PieVectTableFile 
*          1    00000d00    000001c0     UNINITIALIZED
                  00000d00    000001c0     main.obj (PieVectTableFile)

EmuKeyVar 
*          1    00000d00    00000001     UNINITIALIZED
                  00000d00    00000001     main.obj (EmuKeyVar)

EmuBModeVar 
*          1    00000d01    00000001     UNINITIALIZED
                  00000d01    00000001     main.obj (EmuBModeVar)

FlashCallbackVar 
*          1    00000d02    00000000     UNINITIALIZED

FlashScalingVar 
*          1    00000d02    00000000     UNINITIALIZED

DmaRegsFile 
*          1    00001000    000000e0     UNINITIALIZED
                  00001000    000000e0     main.obj (DmaRegsFile)

EPwm1RegsFile 
*          1    00004000    00000100     UNINITIALIZED
                  00004000    00000100     main.obj (EPwm1RegsFile)

EPwm2RegsFile 
*          1    00004100    00000100     UNINITIALIZED
                  00004100    00000100     main.obj (EPwm2RegsFile)

EPwm3RegsFile 
*          1    00004200    00000100     UNINITIALIZED
                  00004200    00000100     main.obj (EPwm3RegsFile)

EPwm4RegsFile 
*          1    00004300    00000100     UNINITIALIZED
                  00004300    00000100     main.obj (EPwm4RegsFile)

EPwm5RegsFile 
*          1    00004400    00000100     UNINITIALIZED
                  00004400    00000100     main.obj (EPwm5RegsFile)

EPwm6RegsFile 
*          1    00004500    00000100     UNINITIALIZED
                  00004500    00000100     main.obj (EPwm6RegsFile)

EPwm7RegsFile 
*          1    00004600    00000100     UNINITIALIZED
                  00004600    00000100     main.obj (EPwm7RegsFile)

EPwm8RegsFile 
*          1    00004700    00000100     UNINITIALIZED
                  00004700    00000100     main.obj (EPwm8RegsFile)

EPwm9RegsFile 
*          1    00004800    00000100     UNINITIALIZED
                  00004800    00000100     main.obj (EPwm9RegsFile)

EPwm10RegsFile 
*          1    00004900    00000100     UNINITIALIZED
                  00004900    00000100     main.obj (EPwm10RegsFile)

EPwm11RegsFile 
*          1    00004a00    00000100     UNINITIALIZED
                  00004a00    00000100     main.obj (EPwm11RegsFile)

EPwm12RegsFile 
*          1    00004b00    00000100     UNINITIALIZED
                  00004b00    00000100     main.obj (EPwm12RegsFile)

ECap1RegsFile 
*          1    00005000    00000020     UNINITIALIZED
                  00005000    00000020     main.obj (ECap1RegsFile)

ECap2RegsFile 
*          1    00005020    00000020     UNINITIALIZED
                  00005020    00000020     main.obj (ECap2RegsFile)

ECap3RegsFile 
*          1    00005040    00000020     UNINITIALIZED
                  00005040    00000020     main.obj (ECap3RegsFile)

ECap4RegsFile 
*          1    00005060    00000020     UNINITIALIZED
                  00005060    00000020     main.obj (ECap4RegsFile)

ECap5RegsFile 
*          1    00005080    00000020     UNINITIALIZED
                  00005080    00000020     main.obj (ECap5RegsFile)

ECap6RegsFile 
*          1    000050a0    00000020     UNINITIALIZED
                  000050a0    00000020     main.obj (ECap6RegsFile)

EQep1RegsFile 
*          1    00005100    00000022     UNINITIALIZED
                  00005100    00000022     main.obj (EQep1RegsFile)

EQep2RegsFile 
*          1    00005140    00000022     UNINITIALIZED
                  00005140    00000022     main.obj (EQep2RegsFile)

EQep3RegsFile 
*          1    00005180    00000022     UNINITIALIZED
                  00005180    00000022     main.obj (EQep3RegsFile)

DacaRegsFile 
*          1    00005c00    00000008     UNINITIALIZED
                  00005c00    00000008     main.obj (DacaRegsFile)

DacbRegsFile 
*          1    00005c10    00000008     UNINITIALIZED
                  00005c10    00000008     main.obj (DacbRegsFile)

DaccRegsFile 
*          1    00005c20    00000008     UNINITIALIZED
                  00005c20    00000008     main.obj (DaccRegsFile)

AdcaRegsFile 
*          1    00007400    00000080     UNINITIALIZED
                  00007400    00000080     main.obj (AdcaRegsFile)

AdcbRegsFile 
*          1    00007480    00000080     UNINITIALIZED
                  00007480    00000080     main.obj (AdcbRegsFile)

AdccRegsFile 
*          1    00007500    00000080     UNINITIALIZED
                  00007500    00000080     main.obj (AdccRegsFile)

AdcdRegsFile 
*          1    00007580    00000080     UNINITIALIZED
                  00007580    00000080     main.obj (AdcdRegsFile)

AnalogSubsysRegsFile 
*          1    0005d180    00000048     UNINITIALIZED
                  0005d180    00000048     main.obj (AnalogSubsysRegsFile)

Cla1SoftIntRegsFile 
*          1    00000ce0    00000004     DSECT
                  00000ce0    00000004     main.obj (Cla1SoftIntRegsFile)

Cmpss1RegsFile 
*          1    00005c80    00000020     UNINITIALIZED
                  00005c80    00000020     main.obj (Cmpss1RegsFile)

Cmpss2RegsFile 
*          1    00005ca0    00000020     UNINITIALIZED
                  00005ca0    00000020     main.obj (Cmpss2RegsFile)

Cmpss3RegsFile 
*          1    00005cc0    00000020     UNINITIALIZED
                  00005cc0    00000020     main.obj (Cmpss3RegsFile)

Cmpss4RegsFile 
*          1    00005ce0    00000020     UNINITIALIZED
                  00005ce0    00000020     main.obj (Cmpss4RegsFile)

Cmpss5RegsFile 
*          1    00005d00    00000020     UNINITIALIZED
                  00005d00    00000020     main.obj (Cmpss5RegsFile)

Cmpss6RegsFile 
*          1    00005d20    00000020     UNINITIALIZED
                  00005d20    00000020     main.obj (Cmpss6RegsFile)

Cmpss7RegsFile 
*          1    00005d40    00000020     UNINITIALIZED
                  00005d40    00000020     main.obj (Cmpss7RegsFile)

Cmpss8RegsFile 
*          1    00005d60    00000020     UNINITIALIZED
                  00005d60    00000020     main.obj (Cmpss8RegsFile)

Sdfm1RegsFile 
*          1    00005e00    00000080     UNINITIALIZED
                  00005e00    00000080     main.obj (Sdfm1RegsFile)

Sdfm2RegsFile 
*          1    00005e80    00000080     UNINITIALIZED
                  00005e80    00000080     main.obj (Sdfm2RegsFile)

McbspaRegsFile 
*          1    00006000    00000024     UNINITIALIZED
                  00006000    00000024     main.obj (McbspaRegsFile)

McbspbRegsFile 
*          1    00006040    00000024     UNINITIALIZED
                  00006040    00000024     main.obj (McbspbRegsFile)

SpiaRegsFile 
*          1    00006100    00000010     UNINITIALIZED
                  00006100    00000010     main.obj (SpiaRegsFile)

SpibRegsFile 
*          1    00006110    00000010     UNINITIALIZED
                  00006110    00000010     main.obj (SpibRegsFile)

SpicRegsFile 
*          1    00006120    00000010     UNINITIALIZED
                  00006120    00000010     main.obj (SpicRegsFile)

SpidRegsFile 
*          1    00006130    00000010     UNINITIALIZED
                  00006130    00000010     main.obj (SpidRegsFile)

UppRegsFile 
*          1    00006200    00000048     UNINITIALIZED
                  00006200    00000048     main.obj (UppRegsFile)

WdRegsFile 
*          1    00007000    0000002b     UNINITIALIZED
                  00007000    0000002b     main.obj (WdRegsFile)

NmiIntruptRegsFile 
*          1    00007060    00000007     UNINITIALIZED
                  00007060    00000007     main.obj (NmiIntruptRegsFile)

XintRegsFile 
*          1    00007070    0000000b     UNINITIALIZED
                  00007070    0000000b     main.obj (XintRegsFile)

SciaRegsFile 
*          1    00007200    00000010     UNINITIALIZED
                  00007200    00000010     main.obj (SciaRegsFile)

ScibRegsFile 
*          1    00007210    00000010     UNINITIALIZED
                  00007210    00000010     main.obj (ScibRegsFile)

ScicRegsFile 
*          1    00007220    00000010     UNINITIALIZED
                  00007220    00000010     main.obj (ScicRegsFile)

ScidRegsFile 
*          1    00007230    00000010     UNINITIALIZED
                  00007230    00000010     main.obj (ScidRegsFile)

I2caRegsFile 
*          1    00007300    00000022     UNINITIALIZED
                  00007300    00000022     main.obj (I2caRegsFile)

I2cbRegsFile 
*          1    00007340    00000022     UNINITIALIZED
                  00007340    00000022     main.obj (I2cbRegsFile)

TrigRegsFile 
*          1    00007900    00000046     UNINITIALIZED
                  00007900    00000046     main.obj (TrigRegsFile)

DmaClaSrcSelRegsFile 
*          1    00007980    0000001a     UNINITIALIZED
                  00007980    0000001a     main.obj (DmaClaSrcSelRegsFile)

EPwmXbarRegsFile 
*          1    00007a00    00000040     UNINITIALIZED
                  00007a00    00000040     main.obj (EPwmXbarRegsFile)

GpioOutXbarRegsFile 
*          1    00007a80    00000040     UNINITIALIZED
                  00007a80    00000040     main.obj (GpioOutXbarRegsFile)

GpioCtrlRegsFile 
*          1    00007c00    00000180     UNINITIALIZED
                  00007c00    00000180     main.obj (GpioCtrlRegsFile)

GpioDataRegsFile 
*          1    00007f00    00000030     UNINITIALIZED
                  00007f00    00000030     main.obj (GpioDataRegsFile)

Emif1RegsFile 
*          1    00047000    00000070     UNINITIALIZED
                  00047000    00000070     main.obj (Emif1RegsFile)

Emif2RegsFile 
*          1    00047800    00000070     UNINITIALIZED
                  00047800    00000070     main.obj (Emif2RegsFile)

DcanaRegsFile 
*          1    00048000    00000200     UNINITIALIZED
                  00048000    00000200     main.obj (DcanaRegsFile)

DcanbRegsFile 
*          1    0004a000    00000200     UNINITIALIZED
                  0004a000    00000200     main.obj (DcanbRegsFile)

IpcRegsFile 
*          1    00050000    00000026     UNINITIALIZED
                  00050000    00000026     main.obj (IpcRegsFile)

DevCfgRegsFile 
*          1    0005d000    0000012e     UNINITIALIZED
                  0005d000    0000012e     main.obj (DevCfgRegsFile)

ClkCfgRegsFile 
*          1    0005d200    00000032     UNINITIALIZED
                  0005d200    00000032     main.obj (ClkCfgRegsFile)

CpuSysRegsFile 
*          1    0005d300    00000082     UNINITIALIZED
                  0005d300    00000082     main.obj (CpuSysRegsFile)

HwbistRegsFile 
*          1    0005e000    000000a2     UNINITIALIZED
                  0005e000    000000a2     main.obj (HwbistRegsFile)

PbistRegsFile 
*          1    0005e200    000001e6     UNINITIALIZED
                  0005e200    000001e6     main.obj (PbistRegsFile)

RomPrefetchRegsFile 
*          1    0005e608    00000002     UNINITIALIZED
                  0005e608    00000002     main.obj (RomPrefetchRegsFile)

DcsmRegsZ1File 
*          1    0005f000    00000024     UNINITIALIZED
                  0005f000    00000024     main.obj (DcsmRegsZ1File)

DcsmRegsZ2File 
*          1    0005f040    00000024     UNINITIALIZED
                  0005f040    00000024     main.obj (DcsmRegsZ2File)

DcsmRegsCommonFile 
*          1    0005f070    00000008     UNINITIALIZED
                  0005f070    00000008     main.obj (DcsmRegsCommonFile)

MemCfgRegsFile 
*          1    0005f400    00000080     UNINITIALIZED
                  0005f400    00000080     main.obj (MemCfgRegsFile)

Emif1ConfigRegsFile 
*          1    0005f480    00000020     UNINITIALIZED
                  0005f480    00000020     main.obj (Emif1ConfigRegsFile)

Emif2ConfigRegsFile 
*          1    0005f4a0    00000020     UNINITIALIZED
                  0005f4a0    00000020     main.obj (Emif2ConfigRegsFile)

AccessProtectionRegsFile 
*          1    0005f4c0    00000040     UNINITIALIZED
                  0005f4c0    00000040     main.obj (AccessProtectionRegsFile)

MemoryErrorRegsFile 
*          1    0005f500    00000040     UNINITIALIZED
                  0005f500    00000040     main.obj (MemoryErrorRegsFile)

RomWaitStateRegsFile 
*          1    0005f540    00000002     UNINITIALIZED
                  0005f540    00000002     main.obj (RomWaitStateRegsFile)

FlashCtrlRegsFile 
*          1    0005f800    00000182     UNINITIALIZED
                  0005f800    00000182     main.obj (FlashCtrlRegsFile)

FlashEccRegsFile 
*          1    0005fb00    00000028     UNINITIALIZED
                  0005fb00    00000028     main.obj (FlashEccRegsFile)

DcsmOtpZ1File 
*          1    00078800    0000001a     UNINITIALIZED
                  00078800    0000001a     main.obj (DcsmOtpZ1File)

DcsmOtpZ2File 
*          1    00078900    0000001a     UNINITIALIZED
                  00078900    0000001a     main.obj (DcsmOtpZ2File)

ramfuncs   0    0000024d    00000004     
                  0000024d    00000004     F2837xD_usDelay.obj (ramfuncs)

.text.1    0    0000013c    00000111     
                  0000013c    00000056     rts2800_fpu32.lib : boot28.asm.obj (.text)
                  00000192    00000029                       : exit.c.obj (.text)
                  000001bb    00000024                       : cpy_tbl.c.obj (.text)
                  000001df    0000001d                       : memcpy.c.obj (.text)
                  000001fc    00000019                       : args_main.c.obj (.text)
                  00000215    00000018                       : ll_aox28.asm.obj (.text)
                  0000022d    0000000c                       : memset.c.obj (.text)
                  00000239    00000009                       : _lock.c.obj (.text)
                  00000242    00000008     F2837xD_CodeStartBranch.obj (.text)
                  0000024a    00000002     rts2800_fpu32.lib : pre_init.c.obj (.text)
                  0000024c    00000001                       : startup.c.obj (.text)

.text.2    0    00008000    00000656     
                  00008000    00000656     main.obj (.text:retain)

.text.3    0    0000b000    000006ec     
                  0000b000    000006ec     main.obj (.text)

MODULE SUMMARY

       Module                        code   initialized data   uninitialized data
       ------                        ----   ----------------   ------------------
    .\
       main.obj                      3394   448                9751              
       F2837xD_CodeStartBranch.obj   10     0                  0                 
       F2837xD_usDelay.obj           4      0                  0                 
    +--+-----------------------------+------+------------------+--------------------+
       Total:                        3408   448                9751              
                                                                                 
    C:/ti/ccsv8/tools/compiler/ti-cgt-c2000_18.1.5.LTS/lib/rts2800_fpu32.lib
       boot28.asm.obj                86     0                  0                 
       exit.c.obj                    41     14                 6                 
       cpy_tbl.c.obj                 36     0                  0                 
       memcpy.c.obj                  29     0                  0                 
       args_main.c.obj               25     0                  0                 
       ll_aox28.asm.obj              24     0                  0                 
       _lock.c.obj                   9      10                 4                 
       memset.c.obj                  12     0                  0                 
       pre_init.c.obj                2      0                  0                 
       startup.c.obj                 1      0                  0                 
    +--+-----------------------------+------+------------------+--------------------+
       Total:                        265    24                 10                
                                                                                 
       Stack:                        0      0                  512               
    +--+-----------------------------+------+------------------+--------------------+
       Grand Total:                  3673   472                10273             


GLOBAL DATA SYMBOLS: SORTED BY DATA PAGE

address     data page           name
--------    ----------------    ----
00000400      10 (00000400)     __stack

00000b00      2c (00000b00)     _AdcaResultRegs
00000b20      2c (00000b00)     _AdcbResultRegs

00000b40      2d (00000b40)     _AdccResultRegs
00000b60      2d (00000b40)     _AdcdResultRegs

00000c00      30 (00000c00)     _CpuTimer0Regs
00000c08      30 (00000c00)     _CpuTimer1Regs
00000c10      30 (00000c00)     _CpuTimer2Regs

00000ce0      33 (00000cc0)     _Cla1SoftIntRegs
00000ce0      33 (00000cc0)     _PieCtrlRegs

00000d00      34 (00000d00)     _EmuKey
00000d00      34 (00000d00)     _PieVectTable
00000d01      34 (00000d00)     _EmuBMode

00001000      40 (00001000)     _DmaRegs

00001400      50 (00001400)     _Cla1Regs

00004000     100 (00004000)     _EPwm1Regs

00004100     104 (00004100)     _EPwm2Regs

00004200     108 (00004200)     _EPwm3Regs

00004300     10c (00004300)     _EPwm4Regs

00004400     110 (00004400)     _EPwm5Regs

00004500     114 (00004500)     _EPwm6Regs

00004600     118 (00004600)     _EPwm7Regs

00004700     11c (00004700)     _EPwm8Regs

00004800     120 (00004800)     _EPwm9Regs

00004900     124 (00004900)     _EPwm10Regs

00004a00     128 (00004a00)     _EPwm11Regs

00004b00     12c (00004b00)     _EPwm12Regs

00005000     140 (00005000)     _ECap1Regs
00005020     140 (00005000)     _ECap2Regs

00005040     141 (00005040)     _ECap3Regs
00005060     141 (00005040)     _ECap4Regs

00005080     142 (00005080)     _ECap5Regs
000050a0     142 (00005080)     _ECap6Regs

00005100     144 (00005100)     _EQep1Regs

00005140     145 (00005140)     _EQep2Regs

00005180     146 (00005180)     _EQep3Regs

00005c00     170 (00005c00)     _DacaRegs
00005c10     170 (00005c00)     _DacbRegs
00005c20     170 (00005c00)     _DaccRegs

00005c80     172 (00005c80)     _Cmpss1Regs
00005ca0     172 (00005c80)     _Cmpss2Regs

00005cc0     173 (00005cc0)     _Cmpss3Regs
00005ce0     173 (00005cc0)     _Cmpss4Regs

00005d00     174 (00005d00)     _Cmpss5Regs
00005d20     174 (00005d00)     _Cmpss6Regs

00005d40     175 (00005d40)     _Cmpss7Regs
00005d60     175 (00005d40)     _Cmpss8Regs

00005e00     178 (00005e00)     _Sdfm1Regs

00005e80     17a (00005e80)     _Sdfm2Regs

00006000     180 (00006000)     _McbspaRegs

00006040     181 (00006040)     _McbspbRegs

00006100     184 (00006100)     _SpiaRegs
00006110     184 (00006100)     _SpibRegs
00006120     184 (00006100)     _SpicRegs
00006130     184 (00006100)     _SpidRegs

00006200     188 (00006200)     _UppRegs

00007000     1c0 (00007000)     _WdRegs

00007060     1c1 (00007040)     _NmiIntruptRegs
00007070     1c1 (00007040)     _XintRegs

00007200     1c8 (00007200)     _SciaRegs
00007210     1c8 (00007200)     _ScibRegs
00007220     1c8 (00007200)     _ScicRegs
00007230     1c8 (00007200)     _ScidRegs

00007300     1cc (00007300)     _I2caRegs

00007340     1cd (00007340)     _I2cbRegs

00007400     1d0 (00007400)     _AdcaRegs

00007480     1d2 (00007480)     _AdcbRegs

00007500     1d4 (00007500)     _AdccRegs

00007580     1d6 (00007580)     _AdcdRegs

00007900     1e4 (00007900)     _TrigRegs

00007980     1e6 (00007980)     _DmaClaSrcSelRegs

00007a00     1e8 (00007a00)     _EPwmXbarRegs

00007a80     1ea (00007a80)     _OutputXbarRegs

00007c00     1f0 (00007c00)     _GpioCtrlRegs

00007f00     1fc (00007f00)     _GpioDataRegs

0000a800     2a0 (0000a800)     _PieVectTableInit

0000a9c2     2a7 (0000a9c0)     _CpuTimer1
0000a9ca     2a7 (0000a9c0)     _CpuTimer0
0000a9d2     2a7 (0000a9c0)     _CpuTimer2
0000a9da     2a7 (0000a9c0)     ___TI_enable_exit_profile_output
0000a9dc     2a7 (0000a9c0)     ___TI_cleanup_ptr
0000a9de     2a7 (0000a9c0)     ___TI_dtors_ptr
0000a9e0     2a7 (0000a9c0)     __lock
0000a9e2     2a7 (0000a9c0)     __unlock

00047000    11c0 (00047000)     _Emif1Regs

00047800    11e0 (00047800)     _Emif2Regs

00048000    1200 (00048000)     _DcanaRegs

0004a000    1280 (0004a000)     _DcanbRegs

00050000    1400 (00050000)     _IpcRegs

0005d000    1740 (0005d000)     _DevCfgRegs

0005d180    1746 (0005d180)     _AnalogSubsysRegs

0005d200    1748 (0005d200)     _ClkCfgRegs

0005d300    174c (0005d300)     _CpuSysRegs

0005e000    1780 (0005e000)     _HwbistRegs

0005e200    1788 (0005e200)     _PbistRegs

0005e608    1798 (0005e600)     _RomPrefetchRegs

0005f000    17c0 (0005f000)     _DcsmZ1Regs

0005f040    17c1 (0005f040)     _DcsmZ2Regs
0005f070    17c1 (0005f040)     _DcsmCommonRegs

0005f400    17d0 (0005f400)     _MemCfgRegs

0005f480    17d2 (0005f480)     _Emif1ConfigRegs
0005f4a0    17d2 (0005f480)     _Emif2ConfigRegs

0005f4c0    17d3 (0005f4c0)     _AccessProtectionRegs

0005f500    17d4 (0005f500)     _MemoryErrorRegs

0005f540    17d5 (0005f540)     _RomWaitStateRegs

0005f800    17e0 (0005f800)     _FlashCtrlRegs

0005fb00    17ec (0005fb00)     _FlashEccRegs

00078800    1e20 (00078800)     _DcsmZ1Otp

00078900    1e24 (00078900)     _DcsmZ2Otp


GLOBAL SYMBOLS: SORTED ALPHABETICALLY BY Name 

page  address   name                            
----  -------   ----                            
abs   ffffffff  .text                           
0     00000192  C$$EXIT                         
0     00000215  LL$$AND                         
0     0000021d  LL$$OR                          
0     00000225  LL$$XOR                         
0     000080be  _ADCA1_ISR                      
0     0000833e  _ADCA2_ISR                      
0     00008348  _ADCA3_ISR                      
0     00008352  _ADCA4_ISR                      
0     00008334  _ADCA_EVT_ISR                   
0     000080c8  _ADCB1_ISR                      
0     00008366  _ADCB2_ISR                      
0     00008370  _ADCB3_ISR                      
0     0000837a  _ADCB4_ISR                      
0     0000835c  _ADCB_EVT_ISR                   
0     000080d2  _ADCC1_ISR                      
0     000084d8  _ADCC2_ISR                      
0     000084e2  _ADCC3_ISR                      
0     000084ec  _ADCC4_ISR                      
0     000084ce  _ADCC_EVT_ISR                   
0     000080f0  _ADCD1_ISR                      
0     00008500  _ADCD2_ISR                      
0     0000850a  _ADCD3_ISR                      
0     00008514  _ADCD4_ISR                      
0     000084f6  _ADCD_EVT_ISR                   
0     00008550  _AUX_PLL_SLIP_ISR               
1     0005f4c0  _AccessProtectionRegs           
0     0000b0ec  _AckIpcFlag                     
1     00007400  _AdcaRegs                       
1     00000b00  _AdcaResultRegs                 
1     00007480  _AdcbRegs                       
1     00000b20  _AdcbResultRegs                 
1     00007500  _AdccRegs                       
1     00000b40  _AdccResultRegs                 
1     00007580  _AdcdRegs                       
1     00000b60  _AdcdResultRegs                 
1     0005d180  _AnalogSubsysRegs               
0     0000b5f8  _AuxAuxClkSel                   
0     0000b5e2  _AuxIntOsc2Sel                  
0     0000b5ec  _AuxXtalOscSel                  
0     00008384  _CLA1_1_ISR                     
0     0000838e  _CLA1_2_ISR                     
0     00008398  _CLA1_3_ISR                     
0     000083a2  _CLA1_4_ISR                     
0     000083ac  _CLA1_5_ISR                     
0     000083b6  _CLA1_6_ISR                     
0     000083c0  _CLA1_7_ISR                     
0     000083ca  _CLA1_8_ISR                     
0     0000855a  _CLA_OVERFLOW_ISR               
0     00008564  _CLA_UNDERFLOW_ISR              
0     0000b0f6  _CancelIpcFlag                  
1     00001400  _Cla1Regs                       
0     00000ce0  _Cla1SoftIntRegs                
1     0005d200  _ClkCfgRegs                     
1     00005c80  _Cmpss1Regs                     
1     00005ca0  _Cmpss2Regs                     
1     00005cc0  _Cmpss3Regs                     
1     00005ce0  _Cmpss4Regs                     
1     00005d00  _Cmpss5Regs                     
1     00005d20  _Cmpss6Regs                     
1     00005d40  _Cmpss7Regs                     
1     00005d60  _Cmpss8Regs                     
0     0000b041  _ConfigCpuTimer                 
1     0005d300  _CpuSysRegs                     
1     0000a9ca  _CpuTimer0                      
1     00000c00  _CpuTimer0Regs                  
1     0000a9c2  _CpuTimer1                      
1     00000c08  _CpuTimer1Regs                  
1     0000a9d2  _CpuTimer2                      
1     00000c10  _CpuTimer2Regs                  
0     0000b599  _CsmUnlock                      
0     00008014  _DATALOG_ISR                    
0     0000830c  _DCANA_1_ISR                    
0     00008316  _DCANA_2_ISR                    
0     00008320  _DCANB_1_ISR                    
0     0000832a  _DCANB_2_ISR                    
0     00008258  _DMA_CH1_ISR                    
0     00008262  _DMA_CH2_ISR                    
0     0000826c  _DMA_CH3_ISR                    
0     00008276  _DMA_CH4_ISR                    
0     00008280  _DMA_CH5_ISR                    
0     0000828a  _DMA_CH6_ISR                    
1     00005c00  _DacaRegs                       
1     00005c10  _DacbRegs                       
1     00005c20  _DaccRegs                       
1     00048000  _DcanaRegs                      
1     0004a000  _DcanbRegs                      
1     0005f070  _DcsmCommonRegs                 
1     00078800  _DcsmZ1Otp                      
1     0005f000  _DcsmZ1Regs                     
1     00078900  _DcsmZ2Otp                      
1     0005f040  _DcsmZ2Regs                     
1     0005d000  _DevCfgRegs                     
0     0000b471  _DisableDog                     
1     00007980  _DmaClaSrcSelRegs               
1     00001000  _DmaRegs                        
0     000081ae  _ECAP1_ISR                      
0     000081b8  _ECAP2_ISR                      
0     000081c2  _ECAP3_ISR                      
0     000081cc  _ECAP4_ISR                      
0     000081d6  _ECAP5_ISR                      
0     000081e0  _ECAP6_ISR                      
1     00005000  _ECap1Regs                      
1     00005020  _ECap2Regs                      
1     00005040  _ECap3Regs                      
1     00005060  _ECap4Regs                      
1     00005080  _ECap5Regs                      
1     000050a0  _ECap6Regs                      
0     0000851e  _EMIF_ERROR_ISR                 
0     00008578  _EMPTY_ISR                      
0     00008028  _EMU_ISR                        
0     00008474  _EPWM10_ISR                     
0     0000844c  _EPWM10_TZ_ISR                  
0     0000847e  _EPWM11_ISR                     
0     00008456  _EPWM11_TZ_ISR                  
0     00008488  _EPWM12_ISR                     
0     00008460  _EPWM12_TZ_ISR                  
0     0000815e  _EPWM1_ISR                      
0     0000810e  _EPWM1_TZ_ISR                   
0     00008168  _EPWM2_ISR                      
0     00008118  _EPWM2_TZ_ISR                   
0     00008172  _EPWM3_ISR                      
0     00008122  _EPWM3_TZ_ISR                   
0     0000817c  _EPWM4_ISR                      
0     0000812c  _EPWM4_TZ_ISR                   
0     00008186  _EPWM5_ISR                      
0     00008136  _EPWM5_TZ_ISR                   
0     00008190  _EPWM6_ISR                      
0     00008140  _EPWM6_TZ_ISR                   
0     0000819a  _EPWM7_ISR                      
0     0000814a  _EPWM7_TZ_ISR                   
0     000081a4  _EPWM8_ISR                      
0     00008154  _EPWM8_TZ_ISR                   
0     0000846a  _EPWM9_ISR                      
0     00008442  _EPWM9_TZ_ISR                   
1     00004900  _EPwm10Regs                     
1     00004a00  _EPwm11Regs                     
1     00004b00  _EPwm12Regs                     
1     00004000  _EPwm1Regs                      
1     00004100  _EPwm2Regs                      
1     00004200  _EPwm3Regs                      
1     00004300  _EPwm4Regs                      
1     00004400  _EPwm5Regs                      
1     00004500  _EPwm6Regs                      
1     00004600  _EPwm7Regs                      
1     00004700  _EPwm8Regs                      
1     00004800  _EPwm9Regs                      
1     00007a00  _EPwmXbarRegs                   
0     000081ea  _EQEP1_ISR                      
0     000081f4  _EQEP2_ISR                      
0     000081fe  _EQEP3_ISR                      
1     00005100  _EQep1Regs                      
1     00005140  _EQep2Regs                      
1     00005180  _EQep3Regs                      
1     0005f480  _Emif1ConfigRegs                
1     00047000  _Emif1Regs                      
1     0005f4a0  _Emif2ConfigRegs                
1     00047800  _Emif2Regs                      
1     00000d01  _EmuBMode                       
1     00000d00  _EmuKey                         
0     0000b3b6  _EnableInterrupts               
0     0000024d  _F28x_usDelay                   
0     00008532  _FLASH_CORRECTABLE_ERROR_ISR    
0     00008406  _FPU_OVERFLOW_ISR               
0     00008410  _FPU_UNDERFLOW_ISR              
0     0000b0c5  _FillIpcSendData                
1     0005f800  _FlashCtrlRegs                  
1     0005fb00  _FlashEccRegs                   
0     0000b2fa  _GPIO_ReadPin                   
0     0000b32f  _GPIO_SelectIpcInt              
0     0000b29f  _GPIO_SetupLock                 
0     0000b17f  _GPIO_SetupPinMux               
0     0000b20b  _GPIO_SetupPinOptions           
0     0000b2c8  _GPIO_SetupXINT1Gpio            
0     0000b2d2  _GPIO_SetupXINT2Gpio            
0     0000b2dc  _GPIO_SetupXINT3Gpio            
0     0000b2e6  _GPIO_SetupXINT4Gpio            
0     0000b2f0  _GPIO_SetupXINT5Gpio            
0     0000b311  _GPIO_WritePin                  
1     00007c00  _GpioCtrlRegs                   
1     00007f00  _GpioDataRegs                   
0     0000b699  _Gpio_Select1                   
0     0000b616  _HALT                           
0     0000b626  _HIB                            
1     0005e000  _HwbistRegs                     
0     0000829e  _I2CA_FIFO_ISR                  
0     00008294  _I2CA_ISR                       
0     000082b2  _I2CB_FIFO_ISR                  
0     000082a8  _I2CB_ISR                       
1     00007300  _I2caRegs                       
1     00007340  _I2cbRegs                       
0     0000b602  _IDLE                           
0     0000803c  _ILLEGAL_ISR                    
0     0000841a  _IPC1_ISR                       
0     00008424  _IPC2_ISR                       
0     0000842e  _IPC3_ISR                       
0     00008438  _IPC4_ISR                       
0     0000b513  _InitAuxPll                     
0     0000b000  _InitCpuTimers                  
0     0000b142  _InitGpio                       
0     0000b07b  _InitIpc                        
0     0000b3df  _InitPeripheralClocks           
0     0000b397  _InitPieCtrl                    
0     0000b371  _InitPieVectTable               
0     0000b3bf  _InitSysCtrl                    
0     0000b47f  _InitSysPll                     
0     0000b6e0  _InitSystem                     
1     00050000  _IpcRegs                        
0     0000b11a  _IpcSync                        
0     00008230  _MCBSPA_RX_ISR                  
0     0000823a  _MCBSPA_TX_ISR                  
0     00008244  _MCBSPB_RX_ISR                  
0     0000824e  _MCBSPB_TX_ISR                  
1     00006000  _McbspaRegs                     
1     00006040  _McbspbRegs                     
1     0005f400  _MemCfgRegs                     
1     0005f500  _MemoryErrorRegs                
0     00008032  _NMI_ISR                        
0     00008585  _NOTUSED_ISR                    
1     00007060  _NmiIntruptRegs                 
1     00007a80  _OutputXbarRegs                 
0     000083f2  _PBIST_ISR                      
0     0000856e  _PIE_RESERVED_ISR               
1     0005e200  _PbistRegs                      
1     00000ce0  _PieCtrlRegs                    
1     00000d00  _PieVectTable                   
1     0000a800  _PieVectTableInit               
0     0000853c  _RAM_ACCESS_VIOLATION_ISR       
0     00008528  _RAM_CORRECTABLE_ERROR_ISR      
0     0000801e  _RTOS_ISR                       
0     0000b089  _ReadIpcTimer                   
0     0000b0b4  _RecvIpcData                    
0     0000b138  _ReleaseFlashPump               
1     0005e608  _RomPrefetchRegs                
1     0005f540  _RomWaitStateRegs               
0     000082e4  _SCIA_RX_ISR                    
0     000082ee  _SCIA_TX_ISR                    
0     000082f8  _SCIB_RX_ISR                    
0     00008302  _SCIB_TX_ISR                    
0     000082bc  _SCIC_RX_ISR                    
0     000082c6  _SCIC_TX_ISR                    
0     000082d0  _SCID_RX_ISR                    
0     000082da  _SCID_TX_ISR                    
0     00008492  _SD1_ISR                        
0     0000849c  _SD2_ISR                        
0     00008208  _SPIA_RX_ISR                    
0     00008212  _SPIA_TX_ISR                    
0     0000821c  _SPIB_RX_ISR                    
0     00008226  _SPIB_TX_ISR                    
0     000084a6  _SPIC_RX_ISR                    
0     000084b0  _SPIC_TX_ISR                    
0     0000b60b  _STANDBY                        
0     00008546  _SYS_PLL_SLIP_ISR               
1     00007200  _SciaRegs                       
1     00007210  _ScibRegs                       
1     00007220  _ScicRegs                       
1     00007230  _ScidRegs                       
1     00005e00  _Sdfm1Regs                      
1     00005e80  _Sdfm2Regs                      
0     0000b129  _SeizeFlashPump                 
0     0000b0d1  _SendIpcCommand                 
0     0000b09d  _SendIpcData                    
0     0000b0e2  _SendIpcFlag                    
0     0000b463  _ServiceDog                     
1     00006100  _SpiaRegs                       
1     00006110  _SpibRegs                       
1     00006120  _SpicRegs                       
1     00006130  _SpidRegs                       
0     0000b5ba  _SysIntOsc1Sel                  
0     0000b5c8  _SysIntOsc2Sel                  
0     0000b5d4  _SysXtalOscSel                  
0     000080fa  _TIMER0_ISR                     
0     00008000  _TIMER1_ISR                     
0     0000800a  _TIMER2_ISR                     
1     00007900  _TrigRegs                       
0     000084ba  _UPPA_ISR                       
0     000084c4  _USBA_ISR                       
0     000080a0  _USER10_ISR                     
0     000080aa  _USER11_ISR                     
0     000080b4  _USER12_ISR                     
0     00008046  _USER1_ISR                      
0     00008050  _USER2_ISR                      
0     0000805a  _USER3_ISR                      
0     00008064  _USER4_ISR                      
0     0000806e  _USER5_ISR                      
0     00008078  _USER6_ISR                      
0     00008082  _USER7_ISR                      
0     0000808c  _USER8_ISR                      
0     00008096  _USER9_ISR                      
1     00006200  _UppRegs                        
0     000083fc  _VCU_ISR                        
0     00008104  _WAKE_ISR                       
0     0000b10d  _WaitForIpcAck                  
0     0000b100  _WaitForIpcFlag                 
1     00007000  _WdRegs                         
0     000080dc  _XINT1_ISR                      
0     000080e6  _XINT2_ISR                      
0     000083d4  _XINT3_ISR                      
0     000083de  _XINT4_ISR                      
0     000083e8  _XINT5_ISR                      
1     00007070  _XintRegs                       
1     00000600  __STACK_END                     
abs   00000200  __STACK_SIZE                    
1     0000a9dc  ___TI_cleanup_ptr               
1     0000a9de  ___TI_dtors_ptr                 
1     0000a9da  ___TI_enable_exit_profile_output
abs   ffffffff  ___TI_pprof_out_hndl            
abs   ffffffff  ___TI_prof_data_size            
abs   ffffffff  ___TI_prof_data_start           
abs   ffffffff  ___binit__                      
abs   ffffffff  ___c_args__                     
0     00000122  ___cinit__                      
abs   ffffffff  ___etext__                      
abs   ffffffff  ___pinit__                      
abs   ffffffff  ___text__                       
0     000001fc  __args_main                     
1     0000a9e0  __lock                          
0     00000241  __nop                           
0     0000023d  __register_lock                 
0     00000239  __register_unlock               
1     00000400  __stack                         
0     0000024c  __system_post_cinit             
0     0000024a  __system_pre_init               
1     0000a9e2  __unlock                        
0     00000192  _abort                          
0     0000013c  _c_int00                        
0     000001bb  _copy_in                        
0     00008610  _cpu_timer0_isr                 
0     0000862a  _cpu_timer1_isr                 
0     00008640  _cpu_timer2_isr                 
0     00000194  _exit                           
0     0000b634  _main                           
0     000001df  _memcpy                         
0     0000022d  _memset                         
abs   ffffffff  binit                           
0     00000122  cinit                           
0     00000000  code_start                      
abs   ffffffff  etext                           
abs   ffffffff  pinit                           


GLOBAL SYMBOLS: SORTED BY Symbol Address 

page  address   name                            
----  -------   ----                            
0     00000000  code_start                      
0     00000122  ___cinit__                      
0     00000122  cinit                           
0     0000013c  _c_int00                        
0     00000192  C$$EXIT                         
0     00000192  _abort                          
0     00000194  _exit                           
0     000001bb  _copy_in                        
0     000001df  _memcpy                         
0     000001fc  __args_main                     
0     00000215  LL$$AND                         
0     0000021d  LL$$OR                          
0     00000225  LL$$XOR                         
0     0000022d  _memset                         
0     00000239  __register_unlock               
0     0000023d  __register_lock                 
0     00000241  __nop                           
0     0000024a  __system_pre_init               
0     0000024c  __system_post_cinit             
0     0000024d  _F28x_usDelay                   
0     00000ce0  _Cla1SoftIntRegs                
0     00008000  _TIMER1_ISR                     
0     0000800a  _TIMER2_ISR                     
0     00008014  _DATALOG_ISR                    
0     0000801e  _RTOS_ISR                       
0     00008028  _EMU_ISR                        
0     00008032  _NMI_ISR                        
0     0000803c  _ILLEGAL_ISR                    
0     00008046  _USER1_ISR                      
0     00008050  _USER2_ISR                      
0     0000805a  _USER3_ISR                      
0     00008064  _USER4_ISR                      
0     0000806e  _USER5_ISR                      
0     00008078  _USER6_ISR                      
0     00008082  _USER7_ISR                      
0     0000808c  _USER8_ISR                      
0     00008096  _USER9_ISR                      
0     000080a0  _USER10_ISR                     
0     000080aa  _USER11_ISR                     
0     000080b4  _USER12_ISR                     
0     000080be  _ADCA1_ISR                      
0     000080c8  _ADCB1_ISR                      
0     000080d2  _ADCC1_ISR                      
0     000080dc  _XINT1_ISR                      
0     000080e6  _XINT2_ISR                      
0     000080f0  _ADCD1_ISR                      
0     000080fa  _TIMER0_ISR                     
0     00008104  _WAKE_ISR                       
0     0000810e  _EPWM1_TZ_ISR                   
0     00008118  _EPWM2_TZ_ISR                   
0     00008122  _EPWM3_TZ_ISR                   
0     0000812c  _EPWM4_TZ_ISR                   
0     00008136  _EPWM5_TZ_ISR                   
0     00008140  _EPWM6_TZ_ISR                   
0     0000814a  _EPWM7_TZ_ISR                   
0     00008154  _EPWM8_TZ_ISR                   
0     0000815e  _EPWM1_ISR                      
0     00008168  _EPWM2_ISR                      
0     00008172  _EPWM3_ISR                      
0     0000817c  _EPWM4_ISR                      
0     00008186  _EPWM5_ISR                      
0     00008190  _EPWM6_ISR                      
0     0000819a  _EPWM7_ISR                      
0     000081a4  _EPWM8_ISR                      
0     000081ae  _ECAP1_ISR                      
0     000081b8  _ECAP2_ISR                      
0     000081c2  _ECAP3_ISR                      
0     000081cc  _ECAP4_ISR                      
0     000081d6  _ECAP5_ISR                      
0     000081e0  _ECAP6_ISR                      
0     000081ea  _EQEP1_ISR                      
0     000081f4  _EQEP2_ISR                      
0     000081fe  _EQEP3_ISR                      
0     00008208  _SPIA_RX_ISR                    
0     00008212  _SPIA_TX_ISR                    
0     0000821c  _SPIB_RX_ISR                    
0     00008226  _SPIB_TX_ISR                    
0     00008230  _MCBSPA_RX_ISR                  
0     0000823a  _MCBSPA_TX_ISR                  
0     00008244  _MCBSPB_RX_ISR                  
0     0000824e  _MCBSPB_TX_ISR                  
0     00008258  _DMA_CH1_ISR                    
0     00008262  _DMA_CH2_ISR                    
0     0000826c  _DMA_CH3_ISR                    
0     00008276  _DMA_CH4_ISR                    
0     00008280  _DMA_CH5_ISR                    
0     0000828a  _DMA_CH6_ISR                    
0     00008294  _I2CA_ISR                       
0     0000829e  _I2CA_FIFO_ISR                  
0     000082a8  _I2CB_ISR                       
0     000082b2  _I2CB_FIFO_ISR                  
0     000082bc  _SCIC_RX_ISR                    
0     000082c6  _SCIC_TX_ISR                    
0     000082d0  _SCID_RX_ISR                    
0     000082da  _SCID_TX_ISR                    
0     000082e4  _SCIA_RX_ISR                    
0     000082ee  _SCIA_TX_ISR                    
0     000082f8  _SCIB_RX_ISR                    
0     00008302  _SCIB_TX_ISR                    
0     0000830c  _DCANA_1_ISR                    
0     00008316  _DCANA_2_ISR                    
0     00008320  _DCANB_1_ISR                    
0     0000832a  _DCANB_2_ISR                    
0     00008334  _ADCA_EVT_ISR                   
0     0000833e  _ADCA2_ISR                      
0     00008348  _ADCA3_ISR                      
0     00008352  _ADCA4_ISR                      
0     0000835c  _ADCB_EVT_ISR                   
0     00008366  _ADCB2_ISR                      
0     00008370  _ADCB3_ISR                      
0     0000837a  _ADCB4_ISR                      
0     00008384  _CLA1_1_ISR                     
0     0000838e  _CLA1_2_ISR                     
0     00008398  _CLA1_3_ISR                     
0     000083a2  _CLA1_4_ISR                     
0     000083ac  _CLA1_5_ISR                     
0     000083b6  _CLA1_6_ISR                     
0     000083c0  _CLA1_7_ISR                     
0     000083ca  _CLA1_8_ISR                     
0     000083d4  _XINT3_ISR                      
0     000083de  _XINT4_ISR                      
0     000083e8  _XINT5_ISR                      
0     000083f2  _PBIST_ISR                      
0     000083fc  _VCU_ISR                        
0     00008406  _FPU_OVERFLOW_ISR               
0     00008410  _FPU_UNDERFLOW_ISR              
0     0000841a  _IPC1_ISR                       
0     00008424  _IPC2_ISR                       
0     0000842e  _IPC3_ISR                       
0     00008438  _IPC4_ISR                       
0     00008442  _EPWM9_TZ_ISR                   
0     0000844c  _EPWM10_TZ_ISR                  
0     00008456  _EPWM11_TZ_ISR                  
0     00008460  _EPWM12_TZ_ISR                  
0     0000846a  _EPWM9_ISR                      
0     00008474  _EPWM10_ISR                     
0     0000847e  _EPWM11_ISR                     
0     00008488  _EPWM12_ISR                     
0     00008492  _SD1_ISR                        
0     0000849c  _SD2_ISR                        
0     000084a6  _SPIC_RX_ISR                    
0     000084b0  _SPIC_TX_ISR                    
0     000084ba  _UPPA_ISR                       
0     000084c4  _USBA_ISR                       
0     000084ce  _ADCC_EVT_ISR                   
0     000084d8  _ADCC2_ISR                      
0     000084e2  _ADCC3_ISR                      
0     000084ec  _ADCC4_ISR                      
0     000084f6  _ADCD_EVT_ISR                   
0     00008500  _ADCD2_ISR                      
0     0000850a  _ADCD3_ISR                      
0     00008514  _ADCD4_ISR                      
0     0000851e  _EMIF_ERROR_ISR                 
0     00008528  _RAM_CORRECTABLE_ERROR_ISR      
0     00008532  _FLASH_CORRECTABLE_ERROR_ISR    
0     0000853c  _RAM_ACCESS_VIOLATION_ISR       
0     00008546  _SYS_PLL_SLIP_ISR               
0     00008550  _AUX_PLL_SLIP_ISR               
0     0000855a  _CLA_OVERFLOW_ISR               
0     00008564  _CLA_UNDERFLOW_ISR              
0     0000856e  _PIE_RESERVED_ISR               
0     00008578  _EMPTY_ISR                      
0     00008585  _NOTUSED_ISR                    
0     00008610  _cpu_timer0_isr                 
0     0000862a  _cpu_timer1_isr                 
0     00008640  _cpu_timer2_isr                 
0     0000b000  _InitCpuTimers                  
0     0000b041  _ConfigCpuTimer                 
0     0000b07b  _InitIpc                        
0     0000b089  _ReadIpcTimer                   
0     0000b09d  _SendIpcData                    
0     0000b0b4  _RecvIpcData                    
0     0000b0c5  _FillIpcSendData                
0     0000b0d1  _SendIpcCommand                 
0     0000b0e2  _SendIpcFlag                    
0     0000b0ec  _AckIpcFlag                     
0     0000b0f6  _CancelIpcFlag                  
0     0000b100  _WaitForIpcFlag                 
0     0000b10d  _WaitForIpcAck                  
0     0000b11a  _IpcSync                        
0     0000b129  _SeizeFlashPump                 
0     0000b138  _ReleaseFlashPump               
0     0000b142  _InitGpio                       
0     0000b17f  _GPIO_SetupPinMux               
0     0000b20b  _GPIO_SetupPinOptions           
0     0000b29f  _GPIO_SetupLock                 
0     0000b2c8  _GPIO_SetupXINT1Gpio            
0     0000b2d2  _GPIO_SetupXINT2Gpio            
0     0000b2dc  _GPIO_SetupXINT3Gpio            
0     0000b2e6  _GPIO_SetupXINT4Gpio            
0     0000b2f0  _GPIO_SetupXINT5Gpio            
0     0000b2fa  _GPIO_ReadPin                   
0     0000b311  _GPIO_WritePin                  
0     0000b32f  _GPIO_SelectIpcInt              
0     0000b371  _InitPieVectTable               
0     0000b397  _InitPieCtrl                    
0     0000b3b6  _EnableInterrupts               
0     0000b3bf  _InitSysCtrl                    
0     0000b3df  _InitPeripheralClocks           
0     0000b463  _ServiceDog                     
0     0000b471  _DisableDog                     
0     0000b47f  _InitSysPll                     
0     0000b513  _InitAuxPll                     
0     0000b599  _CsmUnlock                      
0     0000b5ba  _SysIntOsc1Sel                  
0     0000b5c8  _SysIntOsc2Sel                  
0     0000b5d4  _SysXtalOscSel                  
0     0000b5e2  _AuxIntOsc2Sel                  
0     0000b5ec  _AuxXtalOscSel                  
0     0000b5f8  _AuxAuxClkSel                   
0     0000b602  _IDLE                           
0     0000b60b  _STANDBY                        
0     0000b616  _HALT                           
0     0000b626  _HIB                            
0     0000b634  _main                           
0     0000b699  _Gpio_Select1                   
0     0000b6e0  _InitSystem                     
1     00000400  __stack                         
1     00000600  __STACK_END                     
1     00000b00  _AdcaResultRegs                 
1     00000b20  _AdcbResultRegs                 
1     00000b40  _AdccResultRegs                 
1     00000b60  _AdcdResultRegs                 
1     00000c00  _CpuTimer0Regs                  
1     00000c08  _CpuTimer1Regs                  
1     00000c10  _CpuTimer2Regs                  
1     00000ce0  _PieCtrlRegs                    
1     00000d00  _EmuKey                         
1     00000d00  _PieVectTable                   
1     00000d01  _EmuBMode                       
1     00001000  _DmaRegs                        
1     00001400  _Cla1Regs                       
1     00004000  _EPwm1Regs                      
1     00004100  _EPwm2Regs                      
1     00004200  _EPwm3Regs                      
1     00004300  _EPwm4Regs                      
1     00004400  _EPwm5Regs                      
1     00004500  _EPwm6Regs                      
1     00004600  _EPwm7Regs                      
1     00004700  _EPwm8Regs                      
1     00004800  _EPwm9Regs                      
1     00004900  _EPwm10Regs                     
1     00004a00  _EPwm11Regs                     
1     00004b00  _EPwm12Regs                     
1     00005000  _ECap1Regs                      
1     00005020  _ECap2Regs                      
1     00005040  _ECap3Regs                      
1     00005060  _ECap4Regs                      
1     00005080  _ECap5Regs                      
1     000050a0  _ECap6Regs                      
1     00005100  _EQep1Regs                      
1     00005140  _EQep2Regs                      
1     00005180  _EQep3Regs                      
1     00005c00  _DacaRegs                       
1     00005c10  _DacbRegs                       
1     00005c20  _DaccRegs                       
1     00005c80  _Cmpss1Regs                     
1     00005ca0  _Cmpss2Regs                     
1     00005cc0  _Cmpss3Regs                     
1     00005ce0  _Cmpss4Regs                     
1     00005d00  _Cmpss5Regs                     
1     00005d20  _Cmpss6Regs                     
1     00005d40  _Cmpss7Regs                     
1     00005d60  _Cmpss8Regs                     
1     00005e00  _Sdfm1Regs                      
1     00005e80  _Sdfm2Regs                      
1     00006000  _McbspaRegs                     
1     00006040  _McbspbRegs                     
1     00006100  _SpiaRegs                       
1     00006110  _SpibRegs                       
1     00006120  _SpicRegs                       
1     00006130  _SpidRegs                       
1     00006200  _UppRegs                        
1     00007000  _WdRegs                         
1     00007060  _NmiIntruptRegs                 
1     00007070  _XintRegs                       
1     00007200  _SciaRegs                       
1     00007210  _ScibRegs                       
1     00007220  _ScicRegs                       
1     00007230  _ScidRegs                       
1     00007300  _I2caRegs                       
1     00007340  _I2cbRegs                       
1     00007400  _AdcaRegs                       
1     00007480  _AdcbRegs                       
1     00007500  _AdccRegs                       
1     00007580  _AdcdRegs                       
1     00007900  _TrigRegs                       
1     00007980  _DmaClaSrcSelRegs               
1     00007a00  _EPwmXbarRegs                   
1     00007a80  _OutputXbarRegs                 
1     00007c00  _GpioCtrlRegs                   
1     00007f00  _GpioDataRegs                   
1     0000a800  _PieVectTableInit               
1     0000a9c2  _CpuTimer1                      
1     0000a9ca  _CpuTimer0                      
1     0000a9d2  _CpuTimer2                      
1     0000a9da  ___TI_enable_exit_profile_output
1     0000a9dc  ___TI_cleanup_ptr               
1     0000a9de  ___TI_dtors_ptr                 
1     0000a9e0  __lock                          
1     0000a9e2  __unlock                        
1     00047000  _Emif1Regs                      
1     00047800  _Emif2Regs                      
1     00048000  _DcanaRegs                      
1     0004a000  _DcanbRegs                      
1     00050000  _IpcRegs                        
1     0005d000  _DevCfgRegs                     
1     0005d180  _AnalogSubsysRegs               
1     0005d200  _ClkCfgRegs                     
1     0005d300  _CpuSysRegs                     
1     0005e000  _HwbistRegs                     
1     0005e200  _PbistRegs                      
1     0005e608  _RomPrefetchRegs                
1     0005f000  _DcsmZ1Regs                     
1     0005f040  _DcsmZ2Regs                     
1     0005f070  _DcsmCommonRegs                 
1     0005f400  _MemCfgRegs                     
1     0005f480  _Emif1ConfigRegs                
1     0005f4a0  _Emif2ConfigRegs                
1     0005f4c0  _AccessProtectionRegs           
1     0005f500  _MemoryErrorRegs                
1     0005f540  _RomWaitStateRegs               
1     0005f800  _FlashCtrlRegs                  
1     0005fb00  _FlashEccRegs                   
1     00078800  _DcsmZ1Otp                      
1     00078900  _DcsmZ2Otp                      
abs   00000200  __STACK_SIZE                    
abs   ffffffff  .text                           
abs   ffffffff  ___TI_pprof_out_hndl            
abs   ffffffff  ___TI_prof_data_size            
abs   ffffffff  ___TI_prof_data_start           
abs   ffffffff  ___binit__                      
abs   ffffffff  ___c_args__                     
abs   ffffffff  ___etext__                      
abs   ffffffff  ___pinit__                      
abs   ffffffff  ___text__                       
abs   ffffffff  binit                           
abs   ffffffff  etext                           
abs   ffffffff  pinit                           

[339 symbols]
